VoidElement
  "a" [ Attribute "marquee" "true" , Attribute "foo" "bar" ]