Nested [ Plain "foo" , Plain "foo" , Plain "foo" ]