Nested
  [ Element "a" [] (Nested [ Plain "foo! bar! baz!" , Plain "QUUX" ])
  , VoidElement "b" []
  ]