Element
  "pre"
  []
  (Nested
     [ Raw "         " , Raw "hello" , Raw "      " , Raw "world" , Raw "           " ])
