Nested
  [ Element
      "a" [] (Nested [ Raw "  " , Element "a" [] (Raw "   ") , Raw " " ])
  , Element "a" [] (Raw " ")
  ]