Template
  ()
  Nothing
  (TENode
     ()
     (THtml
        ()
        [ TExprNode
            ()
            (TECase
               ()
               (TEVar () TId { unTId = "foo" })
               (TAlt
                  ()
                  (TPVar () TId { unTId = "bar" })
                  (TENode
                     ()
                     (THtml
                        ()
                        [ TElement
                            ()
                            (TTag () "blink")
                            []
                            (THtml () [ TPlain () TPlainText { unTPlainText = "party" } ])
                        , TWhiteSpace ()
                        ])) :|
                  [ TAlt
                      ()
                      (TPVar () TId { unTId = "baz" })
                      (TENode
                         ()
                         (THtml
                            ()
                            [ TWhiteSpace ()
                            , TElement
                                ()
                                (TTag () "marquee")
                                []
                                (THtml () [ TPlain () TPlainText { unTPlainText = "cube" } ])
                            , TWhiteSpace ()
                            , TElement
                                ()
                                (TTag () "i")
                                []
                                (THtml () [ TPlain () TPlainText { unTPlainText = "abcdefg" } ])
                            , TWhiteSpace ()
                            ]))
                  , TAlt
                      ()
                      (TPCon () TConstructor { unTConstructor = "Bap" } [])
                      (TENode
                         ()
                         (THtml
                            ()
                            [ TWhiteSpace ()
                            , TElement
                                ()
                                (TTag () "b")
                                []
                                (THtml () [ TPlain () TPlainText { unTPlainText = "hell" } ])
                            , TWhiteSpace ()
                            , TElement
                                ()
                                (TTag () "i")
                                []
                                (THtml () [ TPlain () TPlainText { unTPlainText = "foo" } ])
                            , TWhiteSpace ()
                            ]))
                  ]))
        ]))