Template
  ()
  Nothing
  (TENode
     ()
     (THtml
        ()
        [ TExprNode
            ()
            (TEApp
               ()
               (TEApp
                  ()
                  (TEVar () TId { unTId = "foo" })
                  (TENode
                     ()
                     (THtml
                        ()
                        [ TElement
                            ()
                            (TTag () "b")
                            []
                            (THtml () [ TPlain () TPlainText { unTPlainText = "bar" } ])
                        ])))
               (TENode
                  ()
                  (THtml
                     ()
                     [ TElement
                         ()
                         (TTag () "span")
                         []
                         (THtml () [ TPlain () TPlainText { unTPlainText = "baz" } ])
                     , TWhiteSpace () 1
                     , TElement
                         ()
                         (TTag () "h1")
                         []
                         (THtml () [ TPlain () TPlainText { unTPlainText = "quux" } ])
                     , TWhiteSpace () 1
                     ])))
        ]))