Template
  ()
  Nothing
  (TEApp
     ()
     (TENode
        ()
        (THtml
           ()
           [ THtmlWS
               ()
               [ TElement
                   ()
                   (TTag () "a")
                   []
                   (THtml () [ TVoidElement () (TTag () "marquee") [] ])
               ]
           ]))
     (TEPrj () (TEHole ()) TId { unTId = "basin" }))